---
source: hydro_lang/src/sim/tests/mod.rs
expression: log_str
---

Running Tick
* --> src/sim/tests/mod.rs:104:10
*  |        .batch(&tick, nondet!(/** test */))
*  |         ^ releasing items: [456, 456, 456, 456, 456, 456, 456, 456, ..] (1000 total)

Running Tick
* --> src/sim/tests/mod.rs:104:10
*  |        .batch(&tick, nondet!(/** test */))
*  |         ^ releasing items: [100, 23]
