---
source: hydro_lang/src/compile/ir/serde_test.rs
assertion_line: 128
expression: json
---
[
  {
    "ForEach": {
      "f": "q!(| v | println ! (\"{}\" , v))",
      "input": {
        "Tee": {
          "inner": {
            "$shared": 0,
            "node": {
              "Map": {
                "f": "q!(| x | x * 2)",
                "input": {
                  "Source": {
                    "source": {
                      "Iter": "q!(stageleft :: runtime_support :: type_hint :: < std :: ops :: Range < i32 > > ({ use crate :: __staged :: __deps :: * ; use crate :: __staged :: compile :: ir :: serde_test :: tests :: * ; 0 .. 10 }))"
                    },
                    "metadata": {
                      "location_id": {
                        "Process": {
                          "idx": 1,
                          "version": 1
                        }
                      },
                      "collection_kind": {
                        "Stream": {
                          "bound": "Bounded",
                          "order": "TotalOrder",
                          "retry": "ExactlyOnce",
                          "element_type": "i32"
                        }
                      },
                      "cardinality": null,
                      "tag": null,
                      "op": {
                        "span": "[workspace]/hydro_lang/src/compile/ir/serde_test.rs:120:30",
                        "cpu_usage": null,
                        "network_recv_cpu_usage": null,
                        "id": null
                      }
                    }
                  }
                },
                "metadata": {
                  "location_id": {
                    "Process": {
                      "idx": 1,
                      "version": 1
                    }
                  },
                  "collection_kind": {
                    "Stream": {
                      "bound": "Bounded",
                      "order": "TotalOrder",
                      "retry": "ExactlyOnce",
                      "element_type": "i32"
                    }
                  },
                  "cardinality": null,
                  "tag": null,
                  "op": {
                    "span": "[workspace]/hydro_lang/src/compile/ir/serde_test.rs:120:53",
                    "cpu_usage": null,
                    "network_recv_cpu_usage": null,
                    "id": null
                  }
                }
              }
            }
          },
          "metadata": {
            "location_id": {
              "Process": {
                "idx": 1,
                "version": 1
              }
            },
            "collection_kind": {
              "Stream": {
                "bound": "Bounded",
                "order": "TotalOrder",
                "retry": "ExactlyOnce",
                "element_type": "i32"
              }
            },
            "cardinality": null,
            "tag": null,
            "op": {
              "span": "[workspace]/hydro_lang/src/compile/ir/serde_test.rs:121:27",
              "cpu_usage": null,
              "network_recv_cpu_usage": null,
              "id": null
            }
          }
        }
      },
      "op_metadata": {
        "span": "[workspace]/hydro_lang/src/compile/ir/serde_test.rs:122:14",
        "cpu_usage": null,
        "network_recv_cpu_usage": null,
        "id": null
      }
    }
  },
  {
    "ForEach": {
      "f": "q!(| v | eprintln ! (\"{}\" , v))",
      "input": {
        "Tee": {
          "inner": {
            "$shared_ref": 0
          },
          "metadata": {
            "location_id": {
              "Process": {
                "idx": 1,
                "version": 1
              }
            },
            "collection_kind": {
              "Stream": {
                "bound": "Bounded",
                "order": "TotalOrder",
                "retry": "ExactlyOnce",
                "element_type": "i32"
              }
            },
            "cardinality": null,
            "tag": null,
            "op": {
              "span": "[workspace]/hydro_lang/src/compile/ir/serde_test.rs:121:27",
              "cpu_usage": null,
              "network_recv_cpu_usage": null,
              "id": null
            }
          }
        }
      },
      "op_metadata": {
        "span": "[workspace]/hydro_lang/src/compile/ir/serde_test.rs:123:16",
        "cpu_usage": null,
        "network_recv_cpu_usage": null,
        "id": null
      }
    }
  }
]
