---
source: hydro_lang/src/ir/backtrace.rs
expression: elements
---
[
    BacktraceElement {
        fn_name: "hydro_lang::ir::backtrace::tests::test_backtrace",
        lineno: Some(
            129,
        ),
        colno: Some(
            25,
        ),
    },
    BacktraceElement {
        fn_name: "hydro_lang::ir::backtrace::tests::test_backtrace::{{closure}}",
        lineno: Some(
            128,
        ),
        colno: Some(
            24,
        ),
    },
    BacktraceElement {
        fn_name: "core::ops::function::FnOnce::call_once",
        lineno: Some(
            250,
        ),
        colno: Some(
            5,
        ),
    },
]
