---
source: hydro_test/src/cluster/two_pc_bench.rs
expression: "preview.dfir_for(&participants).to_mermaid(&WriteConfig\n{\n    no_subgraphs: true, no_pull_push: true, no_handoffs: true,\n    op_text_no_imports: true, ..WriteConfig::default()\n})"
---
%%{init:{'theme':'base','themeVariables':{'clusterBkg':'#ddd','clusterBorder':'#888'}}}%%
flowchart TD
classDef pullClass fill:#8af,stroke:#000,text-align:left,white-space:pre
classDef pushClass fill:#ff8,stroke:#000,text-align:left,white-space:pre
classDef otherClass fill:#fdc,stroke:#000,text-align:left,white-space:pre
linkStyle default stroke:#aaa
1v1["<div style=text-align:center>(1v1)</div> <code><br>source_stream(DUMMY_SOURCE)</code>"]:::otherClass
2v1["<div style=text-align:center>(2v1)</div> <code><br>map(|res| {<br>    hydro_lang::runtime_support::bincode::deserialize::&lt;<br>        (<br>            hydro_test::__staged::__deps::hydro_lang::location::cluster::cluster_id::ClusterId&lt;<br>                hydro_test::__staged::cluster::two_pc_bench::Client,<br>            &gt;,<br>            (u32, u32),<br>        ),<br>    &gt;(&amp;res.unwrap())<br>        .unwrap()<br>})</code>"]:::otherClass
3v1["<div style=text-align:center>(3v1)</div> <code><br>map(|data| {<br>    hydro_lang::runtime_support::bincode::serialize(&amp;data).unwrap().into()<br>})</code>"]:::otherClass
4v1["<div style=text-align:center>(4v1)</div> <code><br>dest_sink(DUMMY_SINK)</code>"]:::otherClass
5v1["<div style=text-align:center>(5v1)</div> <code><br>source_stream(DUMMY_SOURCE)</code>"]:::otherClass
6v1["<div style=text-align:center>(6v1)</div> <code><br>map(|res| {<br>    hydro_lang::runtime_support::bincode::deserialize::&lt;<br>        (<br>            hydro_test::__staged::__deps::hydro_lang::location::cluster::cluster_id::ClusterId&lt;<br>                hydro_test::__staged::cluster::two_pc_bench::Client,<br>            &gt;,<br>            (u32, u32),<br>        ),<br>    &gt;(&amp;res.unwrap())<br>        .unwrap()<br>})</code>"]:::otherClass
7v1["<div style=text-align:center>(7v1)</div> <code><br>map(|data| {<br>    hydro_lang::runtime_support::bincode::serialize(&amp;data).unwrap().into()<br>})</code>"]:::otherClass
8v1["<div style=text-align:center>(8v1)</div> <code><br>dest_sink(DUMMY_SINK)</code>"]:::otherClass
1v1-->2v1
3v1-->4v1
2v1-->3v1
5v1-->6v1
7v1-->8v1
6v1-->7v1
3v1
4v1
7v1
8v1
subgraph var_stream_31 ["var <tt>stream_31</tt>"]
    style var_stream_31 fill:transparent
    5v1
    6v1
end
subgraph var_stream_9 ["var <tt>stream_9</tt>"]
    style var_stream_9 fill:transparent
    1v1
    2v1
end
