---
source: hydro_test/src/cluster/compute_pi.rs
expression: ir.surface_syntax_string()
---
_1v1 = spin ();
_2v1 = flat_map (stageleft :: runtime_support :: fnmut1_type_hint :: < () , core :: ops :: Range < usize > > ({ use hydro_lang :: __staged :: __deps :: * ; use hydro_lang :: __staged :: location :: tick :: * ; hydro_lang :: __stageleft_quote_src_location_tick_rs_202_33 ! ([batch_size__free = { use crate :: __staged :: __deps :: * ; use crate :: __staged :: cluster :: compute_pi :: * ; crate :: __staged :: __stageleft_quote_src_cluster_compute_pi_rs_18_23 ! ([batch_size__free = 8192usize ,] [batch_size__free]) } ,] [move | _ | 0 .. batch_size__free]) }));
_3v1 = map (stageleft :: runtime_support :: fnmut1_type_hint :: < usize , () > ({ use hydro_lang :: __staged :: __deps :: * ; use hydro_lang :: __staged :: location :: tick :: * ; hydro_lang :: __stageleft_quote_src_location_tick_rs_203_20 ! ([] [| _ | ()]) }));
_4v1 = map (stageleft :: runtime_support :: fnmut1_type_hint :: < () , (f64 , f64) > ({ use crate :: __staged :: __deps :: * ; use crate :: __staged :: cluster :: compute_pi :: * ; crate :: __staged :: __stageleft_quote_src_cluster_compute_pi_rs_19_16 ! ([] [| _ | rand :: random :: < (f64 , f64) > ()]) }));
_5v1 = map (stageleft :: runtime_support :: fnmut1_type_hint :: < (f64 , f64) , bool > ({ use crate :: __staged :: __deps :: * ; use crate :: __staged :: cluster :: compute_pi :: * ; crate :: __staged :: __stageleft_quote_src_cluster_compute_pi_rs_20_16 ! ([] [| (x , y) | x * x + y * y < 1.0]) }));
_6v1 = fold :: < 'tick > (stageleft :: runtime_support :: fn0_type_hint :: < (u64 , u64) > ({ use crate :: __staged :: __deps :: * ; use crate :: __staged :: cluster :: compute_pi :: * ; crate :: __staged :: __stageleft_quote_src_cluster_compute_pi_rs_22_15 ! ([] [| | (0u64 , 0u64)]) }) , stageleft :: runtime_support :: fn2_borrow_mut_type_hint :: < (u64 , u64) , bool , () > ({ use crate :: __staged :: __deps :: * ; use crate :: __staged :: cluster :: compute_pi :: * ; crate :: __staged :: __stageleft_quote_src_cluster_compute_pi_rs_23_15 ! ([] [| (inside , total) , sample_inside | { if sample_inside { * inside += 1 ; } * total += 1 ; }]) }));
_7v1 = map (hydro_lang :: runtime_support :: stageleft :: runtime_support :: fn1_type_hint :: < (u64 , u64) , _ > (| data | { hydro_lang :: runtime_support :: bincode :: serialize (& data) . unwrap () . into () }));
_8v1 = dest_sink (DUMMY_SINK);

_1v1 -> _2v1;
_2v1 -> _3v1;
_3v1 -> _4v1;
_4v1 -> _5v1;
_5v1 -> _6v1;
_7v1 -> _8v1;
_6v1 -> _7v1;
