---
source: hydro_test/src/cluster/many_to_many.rs
expression: built.ir()
---
[
    ForEach {
        f: stageleft :: runtime_support :: fn1_type_hint :: < (hydro_test :: __staged :: __deps :: hydro_lang :: location :: member_id :: MemberId < () > , i32) , () > ({ use crate :: __staged :: __deps :: * ; use crate :: __staged :: cluster :: many_to_many :: * ; | n | println ! ("cluster received: {:?}" , n) }),
        input: Network {
            serialize_fn: Some(
                :: hydro_lang :: runtime_support :: stageleft :: runtime_support :: fn1_type_hint :: < (hydro_lang :: location :: MemberId < _ > , i32) , _ > (| (id , data) | { (id . raw_id , hydro_lang :: runtime_support :: bincode :: serialize (& data) . unwrap () . into ()) }),
            ),
            instantiate_fn: <network instantiate>,
            deserialize_fn: Some(
                | res | { let (id , b) = res . unwrap () ; (hydro_lang :: location :: MemberId :: < () > :: from_raw (id) , hydro_lang :: runtime_support :: bincode :: deserialize :: < i32 > (& b) . unwrap ()) },
            ),
            input: YieldConcat {
                inner: CrossProduct {
                    left: Map {
                        f: stageleft :: runtime_support :: fn1_type_hint :: < (hydro_test :: __staged :: __deps :: hydro_lang :: location :: member_id :: MemberId < () > , ()) , hydro_test :: __staged :: __deps :: hydro_lang :: location :: member_id :: MemberId < () > > ({ use hydro_lang :: __staged :: __deps :: * ; use hydro_lang :: __staged :: live_collections :: keyed_singleton :: * ; | (k , _) | k }),
                        input: Batch {
                            inner: FilterMap {
                                f: stageleft :: runtime_support :: fn1_type_hint :: < (hydro_test :: __staged :: __deps :: hydro_lang :: location :: member_id :: MemberId < () > , bool) , core :: option :: Option < (hydro_test :: __staged :: __deps :: hydro_lang :: location :: member_id :: MemberId < () > , ()) > > ({ use hydro_lang :: __staged :: __deps :: * ; use hydro_lang :: __staged :: live_collections :: keyed_stream :: * ; let f__free = stageleft :: runtime_support :: fn1_type_hint :: < bool , core :: option :: Option < () > > ({ use hydro_lang :: __staged :: __deps :: * ; use hydro_lang :: __staged :: live_collections :: stream :: networking :: * ; | v | if v { Some (()) } else { None } }) ; { let orig = f__free ; move | (k , v) | orig (v) . map (| o | (k , o)) } }),
                                input: FoldKeyed {
                                    init: stageleft :: runtime_support :: fn0_type_hint :: < bool > ({ use hydro_lang :: __staged :: __deps :: * ; use hydro_lang :: __staged :: live_collections :: stream :: networking :: * ; | | false }),
                                    acc: stageleft :: runtime_support :: fn2_borrow_mut_type_hint :: < bool , hydro_test :: __staged :: __deps :: hydro_lang :: location :: MembershipEvent , () > ({ use hydro_lang :: __staged :: __deps :: * ; use hydro_lang :: __staged :: live_collections :: stream :: networking :: * ; | present , event | { match event { MembershipEvent :: Joined => * present = true , MembershipEvent :: Left => * present = false , } } }),
                                    input: Map {
                                        f: stageleft :: runtime_support :: fn1_type_hint :: < & hydro_test :: __staged :: __deps :: hydro_lang :: location :: member_id :: MemberId < () > , (hydro_test :: __staged :: __deps :: hydro_lang :: location :: member_id :: MemberId < () > , hydro_test :: __staged :: __deps :: hydro_lang :: location :: MembershipEvent) > ({ use hydro_lang :: __staged :: __deps :: * ; use hydro_lang :: __staged :: location :: * ; | id | (* id , MembershipEvent :: Joined) }),
                                        input: Source {
                                            source: Iter(
                                                { use hydro_lang :: __staged :: __deps :: * ; use hydro_lang :: __staged :: location :: * ; let underlying_memberids__free = unsafe { :: std :: mem :: transmute :: < _ , & [hydro_lang :: location :: MemberId < () >] > (__hydro_lang_cluster_ids_0) } ; underlying_memberids__free },
                                            ),
                                            metadata: HydroIrMetadata {
                                                location_kind: Cluster(
                                                    0,
                                                ),
                                                output_type: Some(
                                                    & hydro_test :: __staged :: __deps :: hydro_lang :: location :: member_id :: MemberId < () >,
                                                ),
                                            },
                                        },
                                        metadata: HydroIrMetadata {
                                            location_kind: Cluster(
                                                0,
                                            ),
                                            output_type: Some(
                                                (hydro_test :: __staged :: __deps :: hydro_lang :: location :: member_id :: MemberId < () > , hydro_test :: __staged :: __deps :: hydro_lang :: location :: MembershipEvent),
                                            ),
                                        },
                                    },
                                    metadata: HydroIrMetadata {
                                        location_kind: Cluster(
                                            0,
                                        ),
                                        output_type: Some(
                                            (hydro_test :: __staged :: __deps :: hydro_lang :: location :: member_id :: MemberId < () > , bool),
                                        ),
                                    },
                                },
                                metadata: HydroIrMetadata {
                                    location_kind: Cluster(
                                        0,
                                    ),
                                    output_type: Some(
                                        (hydro_test :: __staged :: __deps :: hydro_lang :: location :: member_id :: MemberId < () > , ()),
                                    ),
                                },
                            },
                            metadata: HydroIrMetadata {
                                location_kind: Tick(
                                    0,
                                    Cluster(
                                        0,
                                    ),
                                ),
                                output_type: Some(
                                    (hydro_test :: __staged :: __deps :: hydro_lang :: location :: member_id :: MemberId < () > , ()),
                                ),
                            },
                        },
                        metadata: HydroIrMetadata {
                            location_kind: Tick(
                                0,
                                Cluster(
                                    0,
                                ),
                            ),
                            output_type: Some(
                                hydro_test :: __staged :: __deps :: hydro_lang :: location :: member_id :: MemberId < () >,
                            ),
                        },
                    },
                    right: Batch {
                        inner: Source {
                            source: Iter(
                                { use crate :: __staged :: __deps :: * ; use crate :: __staged :: cluster :: many_to_many :: * ; 0 .. 2 },
                            ),
                            metadata: HydroIrMetadata {
                                location_kind: Cluster(
                                    0,
                                ),
                                output_type: Some(
                                    i32,
                                ),
                            },
                        },
                        metadata: HydroIrMetadata {
                            location_kind: Tick(
                                0,
                                Cluster(
                                    0,
                                ),
                            ),
                            output_type: Some(
                                i32,
                            ),
                        },
                    },
                    metadata: HydroIrMetadata {
                        location_kind: Tick(
                            0,
                            Cluster(
                                0,
                            ),
                        ),
                        output_type: Some(
                            (hydro_test :: __staged :: __deps :: hydro_lang :: location :: member_id :: MemberId < () > , i32),
                        ),
                    },
                },
                metadata: HydroIrMetadata {
                    location_kind: Cluster(
                        0,
                    ),
                    output_type: Some(
                        (hydro_test :: __staged :: __deps :: hydro_lang :: location :: member_id :: MemberId < () > , i32),
                    ),
                },
            },
            metadata: HydroIrMetadata {
                location_kind: Cluster(
                    0,
                ),
                output_type: Some(
                    (hydro_test :: __staged :: __deps :: hydro_lang :: location :: member_id :: MemberId < () > , i32),
                ),
            },
        },
        op_metadata: HydroIrOpMetadata,
    },
]
