---
source: hydro_test/src/cluster/map_reduce.rs
expression: ir.surface_syntax_string()
---
1v1 = source_iter ({ use crate :: __staged :: __deps :: * ; use crate :: __staged :: cluster :: map_reduce :: * ; vec ! ["abc" , "abc" , "xyz" , "abc"] });
2v1 = map (stageleft :: runtime_support :: fn1_type_hint :: < & str , std :: string :: String > ({ use crate :: __staged :: __deps :: * ; use crate :: __staged :: cluster :: map_reduce :: * ; | s | s . to_string () }));
3v1 = enumerate :: < 'static > ();
4v1 = source_iter ({ use hydro_lang :: __staged :: __deps :: * ; use hydro_lang :: __staged :: location :: * ; let underlying_memberids__free = unsafe { :: std :: mem :: transmute :: < _ , & [hydro_lang :: __staged :: location :: MemberId < hydro_test :: __staged :: cluster :: map_reduce :: Worker >] > (__hydro_lang_cluster_ids_1) } ; underlying_memberids__free });
5v1 = map (stageleft :: runtime_support :: fn1_type_hint :: < & hydro_test :: __staged :: __deps :: hydro_lang :: location :: member_id :: MemberId < hydro_test :: __staged :: cluster :: map_reduce :: Worker > , (hydro_test :: __staged :: __deps :: hydro_lang :: location :: member_id :: MemberId < hydro_test :: __staged :: cluster :: map_reduce :: Worker > , hydro_test :: __staged :: __deps :: hydro_lang :: location :: MembershipEvent) > ({ use hydro_lang :: __staged :: __deps :: * ; use hydro_lang :: __staged :: location :: * ; | id | (* id , MembershipEvent :: Joined) }));
6v1 = fold_keyed :: < 'static > (stageleft :: runtime_support :: fn0_type_hint :: < bool > ({ use hydro_lang :: __staged :: __deps :: * ; use hydro_lang :: __staged :: live_collections :: stream :: networking :: * ; | | false }) , stageleft :: runtime_support :: fn2_borrow_mut_type_hint :: < bool , hydro_test :: __staged :: __deps :: hydro_lang :: location :: MembershipEvent , () > ({ use hydro_lang :: __staged :: __deps :: * ; use hydro_lang :: __staged :: live_collections :: stream :: networking :: * ; | present , event | { match event { MembershipEvent :: Joined => * present = true , MembershipEvent :: Left => * present = false , } } }));
7v1 = filter_map (stageleft :: runtime_support :: fn1_type_hint :: < (hydro_test :: __staged :: __deps :: hydro_lang :: location :: member_id :: MemberId < hydro_test :: __staged :: cluster :: map_reduce :: Worker > , bool) , core :: option :: Option < (hydro_test :: __staged :: __deps :: hydro_lang :: location :: member_id :: MemberId < hydro_test :: __staged :: cluster :: map_reduce :: Worker > , ()) > > ({ use hydro_lang :: __staged :: __deps :: * ; use hydro_lang :: __staged :: live_collections :: keyed_singleton :: * ; let f__free = stageleft :: runtime_support :: fn1_type_hint :: < bool , core :: option :: Option < () > > ({ use hydro_lang :: __staged :: __deps :: * ; use hydro_lang :: __staged :: live_collections :: stream :: networking :: * ; | v | if v { Some (()) } else { None } }) ; { let orig = f__free ; move | (k , v) | orig (v) . map (| o | (k , o)) } }));
8v1 = map (stageleft :: runtime_support :: fn1_type_hint :: < (hydro_test :: __staged :: __deps :: hydro_lang :: location :: member_id :: MemberId < hydro_test :: __staged :: cluster :: map_reduce :: Worker > , ()) , hydro_test :: __staged :: __deps :: hydro_lang :: location :: member_id :: MemberId < hydro_test :: __staged :: cluster :: map_reduce :: Worker > > ({ use hydro_lang :: __staged :: __deps :: * ; use hydro_lang :: __staged :: live_collections :: keyed_singleton :: * ; | (k , _) | k }));
9v1 = fold :: < 'tick > (stageleft :: runtime_support :: fn0_type_hint :: < std :: vec :: Vec < hydro_test :: __staged :: __deps :: hydro_lang :: location :: member_id :: MemberId < hydro_test :: __staged :: cluster :: map_reduce :: Worker > > > ({ use hydro_lang :: __staged :: __deps :: * ; use hydro_lang :: __staged :: live_collections :: stream :: * ; | | vec ! [] }) , stageleft :: runtime_support :: fn2_borrow_mut_type_hint :: < std :: vec :: Vec < hydro_test :: __staged :: __deps :: hydro_lang :: location :: member_id :: MemberId < hydro_test :: __staged :: cluster :: map_reduce :: Worker > > , hydro_test :: __staged :: __deps :: hydro_lang :: location :: member_id :: MemberId < hydro_test :: __staged :: cluster :: map_reduce :: Worker > , () > ({ use hydro_lang :: __staged :: __deps :: * ; use hydro_lang :: __staged :: live_collections :: stream :: * ; | acc , v | { acc . push (v) ; } }));
10v1 = cross_singleton ();
11v1 = map (stageleft :: runtime_support :: fn1_type_hint :: < ((usize , std :: string :: String) , std :: vec :: Vec < hydro_test :: __staged :: __deps :: hydro_lang :: location :: member_id :: MemberId < hydro_test :: __staged :: cluster :: map_reduce :: Worker > >) , (hydro_test :: __staged :: __deps :: hydro_lang :: location :: member_id :: MemberId < hydro_test :: __staged :: cluster :: map_reduce :: Worker > , std :: string :: String) > ({ use hydro_lang :: __staged :: __deps :: * ; use hydro_lang :: __staged :: live_collections :: stream :: networking :: * ; | (data , members) | (members [data . 0 % members . len ()] , data . 1) }));
12v1 = map (:: hydro_lang :: runtime_support :: stageleft :: runtime_support :: fn1_type_hint :: < (hydro_lang :: location :: MemberId < _ > , std :: string :: String) , _ > (| (id , data) | { (id . raw_id , hydro_lang :: runtime_support :: bincode :: serialize (& data) . unwrap () . into ()) }));
13v1 = dest_sink (DUMMY_SINK);
14v1 = source_stream (DUMMY_SOURCE);
15v1 = map (| res | { let (id , b) = res . unwrap () ; (hydro_lang :: location :: MemberId :: < hydro_test :: __staged :: cluster :: map_reduce :: Worker > :: from_raw (id) , hydro_lang :: runtime_support :: bincode :: deserialize :: < (std :: string :: String , i32) > (& b) . unwrap ()) });
16v1 = map (stageleft :: runtime_support :: fn1_type_hint :: < (hydro_test :: __staged :: __deps :: hydro_lang :: location :: member_id :: MemberId < hydro_test :: __staged :: cluster :: map_reduce :: Worker > , (std :: string :: String , i32)) , (std :: string :: String , i32) > ({ use hydro_lang :: __staged :: __deps :: * ; use hydro_lang :: __staged :: live_collections :: keyed_stream :: * ; | (_ , v) | v }));
17v1 = reduce_keyed :: < 'static > (stageleft :: runtime_support :: fn2_borrow_mut_type_hint :: < i32 , i32 , () > ({ use crate :: __staged :: __deps :: * ; use crate :: __staged :: cluster :: map_reduce :: * ; | total , count | * total += count }));
18v1 = for_each (stageleft :: runtime_support :: fn1_type_hint :: < (std :: string :: String , i32) , () > ({ use crate :: __staged :: __deps :: * ; use crate :: __staged :: cluster :: map_reduce :: * ; | (string , count) | println ! ("{}: {}" , string , count) }));
// 19v1 = <handoff>;
// 20v1 = <handoff>;
// 21v1 = <handoff>;
// 22v1 = <handoff>;
// 23v1 = <handoff>;
// 24v1 = <handoff>;

1v1 -> 2v1;
2v1 -> 3v1;
4v1 -> 5v1;
5v1 -> 19v1;
6v1 -> 20v1;
7v1 -> 21v1;
8v1 -> 22v1;
3v1 -> 10v1;
9v1 -> 23v1;
10v1 -> 11v1;
12v1 -> 13v1;
11v1 -> 12v1;
14v1 -> 15v1;
15v1 -> 16v1;
16v1 -> 24v1;
17v1 -> 18v1;
19v1 -> 6v1;
20v1 -> 7v1;
21v1 -> 8v1;
22v1 -> 9v1;
23v1 -> 10v1;
24v1 -> 17v1;
