---
source: hydro_test/src/local/chat_app.rs
expression: "built.preview_compile().dfir_for(&p1).to_mermaid(&Default::default())"
---
%%{init:{'theme':'base','themeVariables':{'clusterBkg':'#ddd','clusterBorder':'#888'}}}%%
flowchart TD
classDef pullClass fill:#8af,stroke:#000,text-align:left,white-space:pre
classDef pushClass fill:#ff8,stroke:#000,text-align:left,white-space:pre
classDef otherClass fill:#fdc,stroke:#000,text-align:left,white-space:pre
linkStyle default stroke:#aaa
1v1[\"(1v1) <code>map(|b| hydro_lang::runtime_support::bincode::serialize(&amp;b).unwrap().into())</code>"/]:::pullClass
2v1[/"(2v1) <code>dest_sink(DUMMY_SINK)</code>"\]:::pushClass
3v1[\"<div style=text-align:center>(3v1)</div> <code>source_iter(<br>    stageleft::runtime_support::type_hint::&lt;<br>        [(); 0],<br>    &gt;({<br>        use hydro_lang::__staged::__deps::*;<br>        use hydro_lang::__staged::location::*;<br>        []<br>    }),<br>)</code>"/]:::pullClass
4v1[\"(4v1) <code>identity::&lt;()&gt;()</code>"/]:::pullClass
5v1[\"(5v1) <code>map(|b| hydro_lang::runtime_support::bincode::serialize(&amp;b).unwrap().into())</code>"/]:::pullClass
6v1[/"(6v1) <code>dest_sink(DUMMY_SINK)</code>"\]:::pushClass
7v1[\"<div style=text-align:center>(7v1)</div> <code>source_iter(<br>    stageleft::runtime_support::type_hint::&lt;<br>        [(); 0],<br>    &gt;({<br>        use hydro_lang::__staged::__deps::*;<br>        use hydro_lang::__staged::location::*;<br>        []<br>    }),<br>)</code>"/]:::pullClass
8v1[\"(8v1) <code>identity::&lt;()&gt;()</code>"/]:::pullClass
9v1[\"(9v1) <code>source_stream(DUMMY_SOURCE)</code>"/]:::pullClass
10v1[\"<div style=text-align:center>(10v1)</div> <code>map(|res| {<br>    let b = res.unwrap();<br>    hydro_lang::runtime_support::bincode::deserialize::&lt;u32&gt;(&amp;b).unwrap()<br>})</code>"/]:::pullClass
11v1[\"<div style=text-align:center>(11v1)</div> <code>fold::&lt;<br>    'static,<br>&gt;(<br>    {<br>        use hydro_lang::__staged::__deps::*;<br>        use hydro_lang::__staged::live_collections::stream::*;<br>        || vec![]<br>    },<br>    {<br>        use hydro_lang::__staged::__deps::*;<br>        use hydro_lang::__staged::live_collections::stream::*;<br>        |acc, v| {<br>            acc.push(v);<br>        }<br>    },<br>)</code>"/]:::pullClass
12v1[\"<div style=text-align:center>(12v1)</div> <code>flat_map({<br>    use hydro_lang::__staged::__deps::*;<br>    use hydro_lang::__staged::live_collections::singleton::*;<br>    |x| x<br>})</code>"/]:::pullClass
13v1[\"(13v1) <code>source_stream(DUMMY_SOURCE)</code>"/]:::pullClass
14v1[\"<div style=text-align:center>(14v1)</div> <code>map(|res| {<br>    let b = res.unwrap();<br>    hydro_lang::runtime_support::bincode::deserialize::&lt;std::string::String&gt;(&amp;b)<br>        .unwrap()<br>})</code>"/]:::pullClass
15v1[\"<div style=text-align:center>(15v1)</div> <code>map({<br>    use crate::__staged::__deps::*;<br>    use crate::__staged::local::chat_app::*;<br>    |s| s.to_uppercase()<br>})</code>"/]:::pullClass
16v1[\"(16v1) <code>cross_join_multiset::&lt;'tick, 'tick&gt;()</code>"/]:::pullClass
17v1[\"<div style=text-align:center>(17v1)</div> <code>map(|data| {<br>    hydro_lang::runtime_support::bincode::serialize(&amp;data).unwrap().into()<br>})</code>"/]:::pullClass
18v1[/"(18v1) <code>dest_sink(DUMMY_SINK)</code>"\]:::pushClass
19v1["(19v1) <code>handoff</code>"]:::otherClass
20v1["(20v1) <code>handoff</code>"]:::otherClass
1v1-->2v1
4v1-->1v1
3v1-->4v1
5v1-->6v1
8v1-->5v1
7v1-->8v1
9v1-->10v1
10v1-->19v1
11v1-->12v1
13v1-->20v1
14v1-->15v1
12v1-->|0|16v1
15v1-->|1|16v1
17v1-->18v1
16v1-->17v1
19v1--x11v1; linkStyle 15 stroke:red
20v1-->14v1
subgraph sg_1v1 ["sg_1v1 stratum 0"]
    1v1
    2v1
    subgraph sg_1v1_var_cycle_0 ["var <tt>cycle_0</tt>"]
        4v1
    end
    subgraph sg_1v1_var_stream_2 ["var <tt>stream_2</tt>"]
        3v1
    end
end
subgraph sg_2v1 ["sg_2v1 stratum 0"]
    5v1
    6v1
    subgraph sg_2v1_var_cycle_1 ["var <tt>cycle_1</tt>"]
        8v1
    end
    subgraph sg_2v1_var_stream_5 ["var <tt>stream_5</tt>"]
        7v1
    end
end
subgraph sg_3v1 ["sg_3v1 stratum 0"]
    subgraph sg_3v1_var_stream_6 ["var <tt>stream_6</tt>"]
        9v1
        10v1
    end
end
subgraph sg_4v1 ["sg_4v1 stratum 1"]
    17v1
    18v1
    subgraph sg_4v1_var_stream_10 ["var <tt>stream_10</tt>"]
        14v1
    end
    subgraph sg_4v1_var_stream_11 ["var <tt>stream_11</tt>"]
        15v1
    end
    subgraph sg_4v1_var_stream_13 ["var <tt>stream_13</tt>"]
        16v1
    end
    subgraph sg_4v1_var_stream_7 ["var <tt>stream_7</tt>"]
        11v1
    end
    subgraph sg_4v1_var_stream_9 ["var <tt>stream_9</tt>"]
        12v1
    end
end
subgraph sg_5v1 ["sg_5v1 stratum 0"]
    subgraph sg_5v1_var_stream_10 ["var <tt>stream_10</tt>"]
        13v1
    end
end
