---
source: dfir_rs/tests/surface_loop.rs
expression: df.meta_graph().unwrap().to_mermaid(cfg)
---
%%{init:{'theme':'base','themeVariables':{'clusterBkg':'#ddd','clusterBorder':'#888'}}}%%
flowchart TD
classDef pullClass fill:#8af,stroke:#000,text-align:left,white-space:pre
classDef pushClass fill:#ff8,stroke:#000,text-align:left,white-space:pre
classDef otherClass fill:#fdc,stroke:#000,text-align:left,white-space:pre
linkStyle default stroke:#aaa
1v1[\"(1v1) <code>source_iter([&quot;alice&quot;, &quot;bob&quot;])</code>"/]:::pullClass
2v1[\"(2v1) <code>batch()</code>"/]:::pullClass
3v1[\"(3v1) <code>repeat_n(3)</code>"/]:::pullClass
4v1[\"(4v1) <code>inspect(|x| println!(&quot;A {:?} {}&quot;, x, context.loop_iter_count()))</code>"/]:::pullClass
5v1[\"(5v1) <code>repeat_n(3)</code>"/]:::pullClass
6v1[\"(6v1) <code>inspect(|x| println!(&quot;B {:?} {}&quot;, x, context.loop_iter_count()))</code>"/]:::pullClass
7v1[/"(7v1) <code>for_each(|x| result_send.send(x).unwrap())</code>"\]:::pushClass
8v1["(8v1) <code>handoff</code>"]:::otherClass
9v1["(9v1) <code>handoff</code>"]:::otherClass
10v1["(10v1) <code>handoff</code>"]:::otherClass
11v1["(11v1) <code>handoff</code>"]:::otherClass
1v1-->8v1
3v1-->9v1
2v1-->10v1
6v1-->7v1
5v1-->6v1
4v1-->11v1
8v1-->2v1
9v1-->4v1
10v1-->3v1
11v1-->5v1
subgraph sg_1v1 ["sg_1v1 stratum 0"]
    subgraph sg_1v1_var_usrs1 ["var <tt>usrs1</tt>"]
        1v1
    end
end
subgraph loop_1v1 ["loop_1v1"]
    subgraph sg_2v1 ["sg_2v1 stratum 1"]
        subgraph sg_2v1_var_usrs2 ["var <tt>usrs2</tt>"]
            2v1
        end
    end
end
subgraph loop_2v1 ["loop_2v1"]
    subgraph sg_3v1 ["sg_3v1 stratum 2"]
        subgraph sg_3v1_var_usrs3 ["var <tt>usrs3</tt>"]
            3v1
        end
    end
    subgraph sg_4v1 ["sg_4v1 stratum 2"]
        subgraph sg_4v1_var_usrs3 ["var <tt>usrs3</tt>"]
            4v1
        end
    end
end
subgraph loop_3v1 ["loop_3v1"]
    subgraph sg_5v1 ["sg_5v1 stratum 3"]
        5v1
        6v1
        7v1
    end
end
