---
source: dfir_rs/tests/surface_loop.rs
expression: df.meta_graph().unwrap().to_dot(cfg)
---
digraph {
    node [fontname="Monaco,Menlo,Consolas,&quot;Droid Sans Mono&quot;,Inconsolata,&quot;Courier New&quot;,monospace", style=filled];
    edge [fontname="Monaco,Menlo,Consolas,&quot;Droid Sans Mono&quot;,Inconsolata,&quot;Courier New&quot;,monospace"];
    n1v1 [label="(n1v1) source_iter([\"alice\", \"bob\"])", shape=invhouse, fillcolor="#88aaff"]
    n2v1 [label="(n2v1) batch()", shape=invhouse, fillcolor="#88aaff"]
    n3v1 [label="(n3v1) repeat_n(3)", shape=invhouse, fillcolor="#88aaff"]
    n4v1 [label="(n4v1) inspect(|x| println!(\"{:?} {}\", x, context.loop_iter_count()))", shape=invhouse, fillcolor="#88aaff"]
    n5v1 [label="(n5v1) tee()", shape=house, fillcolor="#ffff88"]
    n6v1 [label="(n6v1) repeat_n(3)", shape=invhouse, fillcolor="#88aaff"]
    n7v1 [label="(n7v1) inspect(|x| println!(\"{} {:?} {}\", line!(), x, context.loop_iter_count()))", shape=invhouse, fillcolor="#88aaff"]
    n8v1 [label="(n8v1) for_each(|x| result1_send.send(x).unwrap())", shape=house, fillcolor="#ffff88"]
    n9v1 [label="(n9v1) repeat_n(3)", shape=invhouse, fillcolor="#88aaff"]
    n10v1 [label="(n10v1) inspect(|x| println!(\"{} {:?} {}\", line!(), x, context.loop_iter_count()))", shape=invhouse, fillcolor="#88aaff"]
    n11v1 [label="(n11v1) for_each(|x| result2_send.send(x).unwrap())", shape=house, fillcolor="#ffff88"]
    n12v1 [label="(n12v1) handoff", shape=parallelogram, fillcolor="#ddddff"]
    n13v1 [label="(n13v1) handoff", shape=parallelogram, fillcolor="#ddddff"]
    n14v1 [label="(n14v1) handoff", shape=parallelogram, fillcolor="#ddddff"]
    n15v1 [label="(n15v1) handoff", shape=parallelogram, fillcolor="#ddddff"]
    n1v1 -> n12v1
    n4v1 -> n5v1
    n3v1 -> n4v1
    n2v1 -> n13v1
    n7v1 -> n8v1
    n6v1 -> n7v1
    n5v1 -> n14v1
    n10v1 -> n11v1
    n9v1 -> n10v1
    n5v1 -> n15v1
    n12v1 -> n2v1
    n13v1 -> n3v1
    n14v1 -> n6v1
    n15v1 -> n9v1
    subgraph sg_1v1 {
        cluster=true
        fillcolor="#dddddd"
        style=filled
        label = "sg_1v1\nstratum 0"
        subgraph sg_1v1_var_usrs1 {
            cluster=true
            label="var usrs1"
            n1v1
        }
    }
    subgraph loop_1v1 {
        cluster=true
        fillcolor="#ee88ee"
        style=filled
        label = loop_1v1
        subgraph sg_2v1 {
            cluster=true
            fillcolor="#dddddd"
            style=filled
            label = "sg_2v1\nstratum 1"
            subgraph sg_2v1_var_usrs2 {
                cluster=true
                label="var usrs2"
                n2v1
            }
        }
    }
    subgraph loop_2v1 {
        cluster=true
        fillcolor="#ee88ee"
        style=filled
        label = loop_2v1
        subgraph sg_3v1 {
            cluster=true
            fillcolor="#dddddd"
            style=filled
            label = "sg_3v1\nstratum 2"
            subgraph sg_3v1_var_usrs3 {
                cluster=true
                label="var usrs3"
                n3v1
                n4v1
                n5v1
            }
        }
    }
    subgraph loop_3v1 {
        cluster=true
        fillcolor="#ee88ee"
        style=filled
        label = loop_3v1
        subgraph sg_4v1 {
            cluster=true
            fillcolor="#dddddd"
            style=filled
            label = "sg_4v1\nstratum 3"
            n6v1
            n7v1
            n8v1
        }
    }
    subgraph loop_4v1 {
        cluster=true
        fillcolor="#ee88ee"
        style=filled
        label = loop_4v1
        subgraph sg_5v1 {
            cluster=true
            fillcolor="#dddddd"
            style=filled
            label = "sg_5v1\nstratum 3"
            n9v1
            n10v1
            n11v1
        }
    }
}
