---
source: hydro_optimize/src/tests/mod.rs
expression: ir.surface_syntax_string()
---
1v1 = source_stream (DUMMY_SOURCE);
2v1 = map (| res | { hydro_lang :: runtime_support :: bincode :: deserialize :: < (hydro_test :: __staged :: __deps :: hydro_lang :: location :: member_id :: MemberId < () > , i32) > (& res . unwrap ()) . unwrap () });
3v1 = inspect (stageleft :: runtime_support :: fn1_borrow_type_hint :: < (hydro_test :: __staged :: __deps :: hydro_lang :: location :: member_id :: MemberId < () > , i32) , () > ({ use hydro_test :: __staged :: __deps :: * ; use hydro_test :: __staged :: cluster :: simple_cluster :: * ; let CLUSTER_SELF_ID__free = hydro_lang :: location :: MemberId :: < () > :: from_raw ({ __hydro_lang_cluster_self_id_1 / 3usize as u32 }) ; move | n | println ! ("cluster received: {:?} (self cluster id: {})" , n , CLUSTER_SELF_ID__free) }));
4v1 = map (:: hydro_lang :: runtime_support :: stageleft :: runtime_support :: fn1_type_hint :: < (hydro_test :: __staged :: __deps :: hydro_lang :: location :: member_id :: MemberId < () > , i32) , _ > (| data | { hydro_lang :: runtime_support :: bincode :: serialize (& data) . unwrap () . into () }));
5v1 = dest_sink (DUMMY_SINK);

1v1 -> 2v1;
2v1 -> 3v1;
4v1 -> 5v1;
3v1 -> 4v1;
