---
source: hydro_lang/src/compile/ir/backtrace.rs
expression: "elements.collect::<Vec<_>>()"
---
[
    BacktraceElement {
        fn_name: "hydro_lang::compile::ir::backtrace::tests",
        lineno: Some(
            184,
        ),
        colno: Some(
            25,
        ),
    },
    BacktraceElement {
        fn_name: "hydro_lang::compile::ir::backtrace::tests::test_backtrace",
        lineno: Some(
            176,
        ),
        colno: Some(
            24,
        ),
    },
    BacktraceElement {
        fn_name: "<hydro_lang::compile::ir::backtrace::tests::test_backtrace::{closure#0} as core::ops::function::FnOnce<()>>",
        lineno: Some(
            250,
        ),
        colno: Some(
            5,
        ),
    },
]
